;/////////////////////////////////////////////////////////////////////////////////
;// Code Generator: BoostC Compiler - http://www.sourceboost.com
;// Version       : 8.01
;// License Type  : Pro License
;// Limitations   : PIC18 max code size:Unlimited, max RAM banks:Unlimited
;/////////////////////////////////////////////////////////////////////////////////

	ORG 0x00000000
0000  EF93F004  	GOTO	_startup
	ORG 0x00000008
0008  EFCDF005  	GOTO	interrupt
	ORG 0x0000000C
000C            delay_ms_00000
000C            ; { delay_ms ; function begin
000C  53E7      	MOVF delay_ms_00000_arg_del, F, 1
000E  0000      	NOP
0010  E101      	BNZ	label1
0012  0012      	RETURN
0014            label1
0014  0EF9      	MOVLW 0xF9
0016            label2
0016  0000      	NOP
0018  0000      	NOP
001A  0000      	NOP
001C  0000      	NOP
001E  0000      	NOP
0020  0000      	NOP
0022  0000      	NOP
0024  0000      	NOP
0026  0000      	NOP
0028  0000      	NOP
002A  0000      	NOP
002C  0000      	NOP
002E  0000      	NOP
0030  0000      	NOP
0032  0000      	NOP
0034  0000      	NOP
0036  0000      	NOP
0038  0000      	NOP
003A  0000      	NOP
003C  0000      	NOP
003E  0FFF      	ADDLW 0xFF
0040  A4D8      	BTFSS STATUS,Z
0042  D7E9      	BRA	label2
0044  0000      	NOP
0046  0000      	NOP
0048  0000      	NOP
004A  0000      	NOP
004C  0000      	NOP
004E  0000      	NOP
0050  0000      	NOP
0052  0000      	NOP
0054  0000      	NOP
0056  0000      	NOP
0058  0000      	NOP
005A  0000      	NOP
005C  0000      	NOP
005E  0000      	NOP
0060  0000      	NOP
0062  0000      	NOP
0064  0000      	NOP
0066  0000      	NOP
0068  0000      	NOP
006A  0000      	NOP
006C  0000      	NOP
006E  2FE7      	DECFSZ delay_ms_00000_arg_del, F, 1
0070  D7D1      	BRA	label1
0072  0012      	RETURN
0074            ; } delay_ms function end

	ORG 0x00000074
0074            usb_send_d_0002E
0074            ; { usb_send_data_chunk ; function begin
0074  0104      	MOVLB 0x04
0076  BF04      	BTFSC gbl_bd0in,7, 1
0078  0012      	RETURN
007A  0100      	MOVLB 0x00
007C  6BFC      	CLRF usb_send_d_0002E_1_count, 1
007E            label3
007E  51D8      	MOVF gbl_delivery_buffer_size, W, 1
0080  61FC      	CPFSLT usb_send_d_0002E_1_count, 1
0082  D01F      	BRA	label6
0084  51C7      	MOVF gbl_delivery_bytes_to_send+D'1', W, 1
0086  5DCB      	SUBWF gbl_delivery_bytes_sent+D'1', W, 1
0088  E102      	BNZ	label4
008A  51C6      	MOVF gbl_delivery_bytes_to_send, W, 1
008C  5DCA      	SUBWF gbl_delivery_bytes_sent, W, 1
008E            label4
008E  E219      	BC	label6
0090  51C9      	MOVF gbl_delivery_bytes_max_send+D'1', W, 1
0092  5DCB      	SUBWF gbl_delivery_bytes_sent+D'1', W, 1
0094  E102      	BNZ	label5
0096  51C8      	MOVF gbl_delivery_bytes_max_send, W, 1
0098  5DCA      	SUBWF gbl_delivery_bytes_sent, W, 1
009A            label5
009A  E213      	BC	label6
009C  51CD      	MOVF gbl_delivery_ptr+D'1', W, 1
009E  6EEA      	MOVWF FSR0H
00A0  51CC      	MOVF gbl_delivery_ptr, W, 1
00A2  6EE9      	MOVWF FSR0L
00A4  50EF      	MOVF INDF0, W
00A6  6FFD      	MOVWF CompTempVar789, 1
00A8  51CF      	MOVF gbl_delivery_buffer+D'1', W, 1
00AA  6EEA      	MOVWF FSR0H
00AC  51CE      	MOVF gbl_delivery_buffer, W, 1
00AE  25FC      	ADDWF usb_send_d_0002E_1_count, W, 1
00B0  6EE9      	MOVWF FSR0L
00B2  51FD      	MOVF CompTempVar789, W, 1
00B4  6EEF      	MOVWF INDF0
00B6  4BCC      	INFSNZ gbl_delivery_ptr, F, 1
00B8  2BCD      	INCF gbl_delivery_ptr+D'1', F, 1
00BA  4BCA      	INFSNZ gbl_delivery_bytes_sent, F, 1
00BC  2BCB      	INCF gbl_delivery_bytes_sent+D'1', F, 1
00BE  2BFC      	INCF usb_send_d_0002E_1_count, F, 1
00C0  D7DE      	BRA	label3
00C2            label6
00C2  51D8      	MOVF gbl_delivery_buffer_size, W, 1
00C4  61FC      	CPFSLT usb_send_d_0002E_1_count, 1
00C6  D00F      	BRA	label9
00C8  51C8      	MOVF gbl_delivery_bytes_max_send, W, 1
00CA  63CA      	CPFSEQ gbl_delivery_bytes_sent, 1
00CC  D004      	BRA	label7
00CE  51C9      	MOVF gbl_delivery_bytes_max_send+D'1', W, 1
00D0  63CB      	CPFSEQ gbl_delivery_bytes_sent+D'1', 1
00D2  D001      	BRA	label7
00D4  D006      	BRA	label8
00D6            label7
00D6  51C6      	MOVF gbl_delivery_bytes_to_send, W, 1
00D8  63CA      	CPFSEQ gbl_delivery_bytes_sent, 1
00DA  D005      	BRA	label9
00DC  51C7      	MOVF gbl_delivery_bytes_to_send+D'1', W, 1
00DE  63CB      	CPFSEQ gbl_delivery_bytes_sent+D'1', 1
00E0  D002      	BRA	label9
00E2            label8
00E2  0E05      	MOVLW 0x05
00E4  6FD7      	MOVWF gbl_control_mode, 1
00E6            label9
00E6  51FC      	MOVF usb_send_d_0002E_1_count, W, 1
00E8  0104      	MOVLB 0x04
00EA  6F05      	MOVWF gbl_bd0in+D'1', 1
00EC  0E05      	MOVLW HIGH(gbl_buffer_0_in+D'0')
00EE  6F07      	MOVWF gbl_bd0in+D'3', 1
00F0  0E08      	MOVLW LOW(gbl_buffer_0_in+D'0')
00F2  6F06      	MOVWF gbl_bd0in+D'2', 1
00F4  0E40      	MOVLW 0x40
00F6  1B04      	XORWF gbl_bd0in, F, 1
00F8  9B04      	BCF gbl_bd0in,5, 1
00FA  9904      	BCF gbl_bd0in,4, 1
00FC  8704      	BSF gbl_bd0in,3, 1
00FE  9504      	BCF gbl_bd0in,2, 1
0100  9304      	BCF gbl_bd0in,1, 1
0102  9104      	BCF gbl_bd0in,0, 1
0104  8F04      	BSF gbl_bd0in,7, 1
0106  0012      	RETURN
0108            ; } usb_send_data_chunk function end

	ORG 0x00000108
0108            usb_stall__00011
0108            ; { usb_stall_ep0 ; function begin
0108  0104      	MOVLB 0x04
010A  8504      	BSF gbl_bd0in,2, 1
010C  8F04      	BSF gbl_bd0in,7, 1
010E  8500      	BSF gbl_bd0out,2, 1
0110  8F00      	BSF gbl_bd0out,7, 1
0112  0012      	RETURN
0114            ; } usb_stall_ep0 function end

	ORG 0x00000114
0114            usb_send_o_00030
0114            ; { usb_send_one_byte ; function begin
0114  0E08      	MOVLW 0x08
0116  6FD8      	MOVWF gbl_delivery_buffer_size, 1
0118  6BCA      	CLRF gbl_delivery_bytes_sent, 1
011A  6BCB      	CLRF gbl_delivery_bytes_sent+D'1', 1
011C  0E01      	MOVLW 0x01
011E  6FC6      	MOVWF gbl_delivery_bytes_to_send, 1
0120  6BC7      	CLRF gbl_delivery_bytes_to_send+D'1', 1
0122  6BC8      	CLRF gbl_delivery_bytes_max_send, 1
0124  6BC9      	CLRF gbl_delivery_bytes_max_send+D'1', 1
0126  51FB      	MOVF usb_send_o_00030_arg_data, W, 1
0128  6FDA      	MOVWF gbl_buffer_byte, 1
012A  0E00      	MOVLW HIGH(gbl_buffer_byte+D'0')
012C  6FCD      	MOVWF gbl_delivery_ptr+D'1', 1
012E  0EDA      	MOVLW LOW(gbl_buffer_byte+D'0')
0130  6FCC      	MOVWF gbl_delivery_ptr, 1
0132  0E04      	MOVLW HIGH(gbl_bd0in+D'0')
0134  6FD1      	MOVWF gbl_delivery_bd+D'1', 1
0136  0E04      	MOVLW LOW(gbl_bd0in+D'0')
0138  6FD0      	MOVWF gbl_delivery_bd, 1
013A  0E05      	MOVLW HIGH(gbl_buffer_0_in+D'0')
013C  6FCF      	MOVWF gbl_delivery_buffer+D'1', 1
013E  0E08      	MOVLW LOW(gbl_buffer_0_in+D'0')
0140  6FCE      	MOVWF gbl_delivery_buffer, 1
0142  0104      	MOVLB 0x04
0144  9D04      	BCF gbl_bd0in,6, 1
0146  EC3AF000  	CALL usb_send_d_0002E
014A  0012      	RETURN
014C            ; } usb_send_one_byte function end

	ORG 0x0000014C
014C            usb_send_e_00010
014C            ; { usb_send_empty_data_pkt ; function begin
014C  0E08      	MOVLW 0x08
014E  0100      	MOVLB 0x00
0150  6FD8      	MOVWF gbl_delivery_buffer_size, 1
0152  0E04      	MOVLW HIGH(gbl_bd0in+D'0')
0154  6FD1      	MOVWF gbl_delivery_bd+D'1', 1
0156  0E04      	MOVLW LOW(gbl_bd0in+D'0')
0158  6FD0      	MOVWF gbl_delivery_bd, 1
015A  0E05      	MOVLW HIGH(gbl_buffer_0_in+D'0')
015C  6FCF      	MOVWF gbl_delivery_buffer+D'1', 1
015E  0E08      	MOVLW LOW(gbl_buffer_0_in+D'0')
0160  6FCE      	MOVWF gbl_delivery_buffer, 1
0162  6BCA      	CLRF gbl_delivery_bytes_sent, 1
0164  6BCB      	CLRF gbl_delivery_bytes_sent+D'1', 1
0166  6BC6      	CLRF gbl_delivery_bytes_to_send, 1
0168  6BC7      	CLRF gbl_delivery_bytes_to_send+D'1', 1
016A  6BC8      	CLRF gbl_delivery_bytes_max_send, 1
016C  6BC9      	CLRF gbl_delivery_bytes_max_send+D'1', 1
016E  6BCC      	CLRF gbl_delivery_ptr, 1
0170  6BCD      	CLRF gbl_delivery_ptr+D'1', 1
0172  0104      	MOVLB 0x04
0174  9D04      	BCF gbl_bd0in,6, 1
0176  EC3AF000  	CALL usb_send_d_0002E
017A  0012      	RETURN
017C            ; } usb_send_empty_data_pkt function end

	ORG 0x0000017C
017C            usb_get_de_00016
017C            ; { usb_get_descriptor_callback ; function begin
017C  6B0A      	CLRF usb_get_de_00016_1_descrip_00039, 1
017E  6B0B      	CLRF usb_get_de_00016_1_descrip_00039+D'1', 1
0180  0100      	MOVLB 0x00
0182  05FB      	DECF usb_get_de_00016_arg_descr_00017, W, 1
0184  E010      	BZ	label13
0186  0E02      	MOVLW 0x02
0188  63FB      	CPFSEQ usb_get_de_00016_arg_descr_00017, 1
018A  D001      	BRA	label10
018C  D019      	BRA	label14
018E            label10
018E  0E03      	MOVLW 0x03
0190  63FB      	CPFSEQ usb_get_de_00016_arg_descr_00017, 1
0192  D001      	BRA	label11
0194  D022      	BRA	label15
0196            label11
0196  0E06      	MOVLW 0x06
0198  63FB      	CPFSEQ usb_get_de_00016_arg_descr_00017, 1
019A  D001      	BRA	label12
019C  D061      	BRA	label20
019E            label12
019E  0E22      	MOVLW 0x22
01A0  63FB      	CPFSEQ usb_get_de_00016_arg_descr_00017, 1
01A2  D05E      	BRA	label20
01A4  D04F      	BRA	label19
01A6            label13
01A6  0E00      	MOVLW HIGH(gbl_my_device_descriptor+D'0')
01A8  6FFF      	MOVWF CompTempVar831, 1
01AA  0E8C      	MOVLW LOW(gbl_my_device_descriptor+D'0')
01AC  0101      	MOVLB 0x01
01AE  6F0A      	MOVWF usb_get_de_00016_1_descrip_00039, 1
01B0  0100      	MOVLB 0x00
01B2  51FF      	MOVF CompTempVar831, W, 1
01B4  0101      	MOVLB 0x01
01B6  6F0B      	MOVWF usb_get_de_00016_1_descrip_00039+D'1', 1
01B8  0E12      	MOVLW 0x12
01BA  6F0C      	MOVWF usb_get_de_00016_1_descrip_0003A, 1
01BC  6B0D      	CLRF usb_get_de_00016_1_descrip_0003A+D'1', 1
01BE  D050      	BRA	label20
01C0            label14
01C0  0E00      	MOVLW HIGH(gbl_complete_mouse_configuration+D'0')
01C2  6FFF      	MOVWF CompTempVar832, 1
01C4  0E37      	MOVLW LOW(gbl_complete_mouse_configuration+D'0')
01C6  0101      	MOVLB 0x01
01C8  6F0A      	MOVWF usb_get_de_00016_1_descrip_00039, 1
01CA  0100      	MOVLB 0x00
01CC  51FF      	MOVF CompTempVar832, W, 1
01CE  0101      	MOVLB 0x01
01D0  6F0B      	MOVWF usb_get_de_00016_1_descrip_00039+D'1', 1
01D2  0E22      	MOVLW 0x22
01D4  6F0C      	MOVWF usb_get_de_00016_1_descrip_0003A, 1
01D6  6B0D      	CLRF usb_get_de_00016_1_descrip_0003A+D'1', 1
01D8  D043      	BRA	label20
01DA            label15
01DA  53FC      	MOVF usb_get_de_00016_arg_descr_00018, F, 1
01DC  E006      	BZ	label16
01DE  05FC      	DECF usb_get_de_00016_arg_descr_00018, W, 1
01E0  E013      	BZ	label17
01E2  0E02      	MOVLW 0x02
01E4  63FC      	CPFSEQ usb_get_de_00016_arg_descr_00018, 1
01E6  D03C      	BRA	label20
01E8  D01E      	BRA	label18
01EA            label16
01EA  0E04      	MOVLW 0x04
01EC  0101      	MOVLB 0x01
01EE  6F0C      	MOVWF usb_get_de_00016_1_descrip_0003A, 1
01F0  6B0D      	CLRF usb_get_de_00016_1_descrip_0003A+D'1', 1
01F2  0E00      	MOVLW HIGH(gbl_string_00+D'0')
01F4  0100      	MOVLB 0x00
01F6  6FFF      	MOVWF CompTempVar833, 1
01F8  0EBE      	MOVLW LOW(gbl_string_00+D'0')
01FA  0101      	MOVLB 0x01
01FC  6F0A      	MOVWF usb_get_de_00016_1_descrip_00039, 1
01FE  0100      	MOVLB 0x00
0200  51FF      	MOVF CompTempVar833, W, 1
0202  0101      	MOVLB 0x01
0204  6F0B      	MOVWF usb_get_de_00016_1_descrip_00039+D'1', 1
0206  D02C      	BRA	label20
0208            label17
0208  0E18      	MOVLW 0x18
020A  0101      	MOVLB 0x01
020C  6F0C      	MOVWF usb_get_de_00016_1_descrip_0003A, 1
020E  6B0D      	CLRF usb_get_de_00016_1_descrip_0003A+D'1', 1
0210  0E00      	MOVLW HIGH(gbl_string_01+D'0')
0212  0100      	MOVLB 0x00
0214  6FFF      	MOVWF CompTempVar834, 1
0216  0E60      	MOVLW LOW(gbl_string_01+D'0')
0218  0101      	MOVLB 0x01
021A  6F0A      	MOVWF usb_get_de_00016_1_descrip_00039, 1
021C  0100      	MOVLB 0x00
021E  51FF      	MOVF CompTempVar834, W, 1
0220  0101      	MOVLB 0x01
0222  6F0B      	MOVWF usb_get_de_00016_1_descrip_00039+D'1', 1
0224  D01D      	BRA	label20
0226            label18
0226  0E14      	MOVLW 0x14
0228  0101      	MOVLB 0x01
022A  6F0C      	MOVWF usb_get_de_00016_1_descrip_0003A, 1
022C  6B0D      	CLRF usb_get_de_00016_1_descrip_0003A+D'1', 1
022E  0E00      	MOVLW HIGH(gbl_string_02+D'0')
0230  0100      	MOVLB 0x00
0232  6FFF      	MOVWF CompTempVar835, 1
0234  0E78      	MOVLW LOW(gbl_string_02+D'0')
0236  0101      	MOVLB 0x01
0238  6F0A      	MOVWF usb_get_de_00016_1_descrip_00039, 1
023A  0100      	MOVLB 0x00
023C  51FF      	MOVF CompTempVar835, W, 1
023E  0101      	MOVLB 0x01
0240  6F0B      	MOVWF usb_get_de_00016_1_descrip_00039+D'1', 1
0242  D00E      	BRA	label20
0244            label19
0244  0E32      	MOVLW 0x32
0246  0101      	MOVLB 0x01
0248  6F0C      	MOVWF usb_get_de_00016_1_descrip_0003A, 1
024A  6B0D      	CLRF usb_get_de_00016_1_descrip_0003A+D'1', 1
024C  0E00      	MOVLW HIGH(gbl_mouse_report_descriptor+D'0')
024E  0100      	MOVLB 0x00
0250  6FFF      	MOVWF CompTempVar836, 1
0252  0E05      	MOVLW LOW(gbl_mouse_report_descriptor+D'0')
0254  0101      	MOVLB 0x01
0256  6F0A      	MOVWF usb_get_de_00016_1_descrip_00039, 1
0258  0100      	MOVLB 0x00
025A  51FF      	MOVF CompTempVar836, W, 1
025C  0101      	MOVLB 0x01
025E  6F0B      	MOVWF usb_get_de_00016_1_descrip_00039+D'1', 1
0260            label20
0260  0100      	MOVLB 0x00
0262  51FE      	MOVF usb_get_de_00016_arg_rtn_d_00019+D'1', W, 1
0264  6EEA      	MOVWF FSR0H
0266  51FD      	MOVF usb_get_de_00016_arg_rtn_d_00019, W, 1
0268  6EE9      	MOVWF FSR0L
026A  2AE9      	INCF FSR0L, F
026C  0101      	MOVLB 0x01
026E  510A      	MOVF usb_get_de_00016_1_descrip_00039, W, 1
0270  0100      	MOVLB 0x00
0272  6FFF      	MOVWF CompTempVar837, 1
0274  0101      	MOVLB 0x01
0276  510B      	MOVF usb_get_de_00016_1_descrip_00039+D'1', W, 1
0278  6EEF      	MOVWF INDF0
027A  06E9      	DECF FSR0L, F
027C  0100      	MOVLB 0x00
027E  51FF      	MOVF CompTempVar837, W, 1
0280  6EEF      	MOVWF INDF0
0282  0101      	MOVLB 0x01
0284  5109      	MOVF usb_get_de_00016_arg_rtn_d_0001A+D'1', W, 1
0286  6EEA      	MOVWF FSR0H
0288  5108      	MOVF usb_get_de_00016_arg_rtn_d_0001A, W, 1
028A  6EE9      	MOVWF FSR0L
028C  2AE9      	INCF FSR0L, F
028E  510C      	MOVF usb_get_de_00016_1_descrip_0003A, W, 1
0290  0100      	MOVLB 0x00
0292  6FFF      	MOVWF CompTempVar838, 1
0294  0101      	MOVLB 0x01
0296  510D      	MOVF usb_get_de_00016_1_descrip_0003A+D'1', W, 1
0298  6EEF      	MOVWF INDF0
029A  06E9      	DECF FSR0L, F
029C  0100      	MOVLB 0x00
029E  51FF      	MOVF CompTempVar838, W, 1
02A0  6EEF      	MOVWF INDF0
02A2  0012      	RETURN
02A4            ; } usb_get_descriptor_callback function end

	ORG 0x000002A4
02A4            usb_config_0002F
02A4            ; { usb_configure_endpoints ; function begin
02A4  8871      	BSF gbl_uep1,4
02A6  9471      	BCF gbl_uep1,2
02A8  8271      	BSF gbl_uep1,1
02AA  8671      	BSF gbl_uep1,3
02AC  0104      	MOVLB 0x04
02AE  8D0C      	BSF gbl_bd1in,6, 1
02B0  9B0C      	BCF gbl_bd1in,5, 1
02B2  990C      	BCF gbl_bd1in,4, 1
02B4  970C      	BCF gbl_bd1in,3, 1
02B6  950C      	BCF gbl_bd1in,2, 1
02B8  930C      	BCF gbl_bd1in,1, 1
02BA  910C      	BCF gbl_bd1in,0, 1
02BC  9F0C      	BCF gbl_bd1in,7, 1
02BE  0012      	RETURN
02C0            ; } usb_configure_endpoints function end

	ORG 0x000002C0
02C0            usb_prime__00031
02C0            ; { usb_prime_ep0_out ; function begin
02C0  0E08      	MOVLW 0x08
02C2  0104      	MOVLB 0x04
02C4  6F01      	MOVWF gbl_bd0out+D'1', 1
02C6  6B02      	CLRF gbl_bd0out+D'2', 1
02C8  0E05      	MOVLW 0x05
02CA  6F03      	MOVWF gbl_bd0out+D'3', 1
02CC  8D00      	BSF gbl_bd0out,6, 1
02CE  9B00      	BCF gbl_bd0out,5, 1
02D0  9900      	BCF gbl_bd0out,4, 1
02D2  8700      	BSF gbl_bd0out,3, 1
02D4  9500      	BCF gbl_bd0out,2, 1
02D6  9300      	BCF gbl_bd0out,1, 1
02D8  9100      	BCF gbl_bd0out,0, 1
02DA  8F00      	BSF gbl_bd0out,7, 1
02DC  0012      	RETURN
02DE            ; } usb_prime_ep0_out function end

	ORG 0x000002DE
02DE            usb_handle_00032
02DE            ; { usb_handle_standard_request ; function begin
02DE  0E06      	MOVLW 0x06
02E0  6301      	CPFSEQ usb_handle_00032_arg_sdp+D'1', 1
02E2  D001      	BRA	label21
02E4  D00F      	BRA	label25
02E6            label21
02E6  0E05      	MOVLW 0x05
02E8  6301      	CPFSEQ usb_handle_00032_arg_sdp+D'1', 1
02EA  D001      	BRA	label22
02EC  D043      	BRA	label28
02EE            label22
02EE  0E09      	MOVLW 0x09
02F0  6301      	CPFSEQ usb_handle_00032_arg_sdp+D'1', 1
02F2  D001      	BRA	label23
02F4  D04A      	BRA	label29
02F6            label23
02F6  0E0A      	MOVLW 0x0A
02F8  6301      	CPFSEQ usb_handle_00032_arg_sdp+D'1', 1
02FA  D001      	BRA	label24
02FC  D051      	BRA	label30
02FE            label24
02FE  5301      	MOVF usb_handle_00032_arg_sdp+D'1', F, 1
0300  E056      	BZ	label31
0302  0012      	RETURN
0304            label25
0304  5103      	MOVF usb_handle_00032_arg_sdp+D'3', W, 1
0306  0100      	MOVLB 0x00
0308  6FF9      	MOVWF usb_handle_00032_1_descrip_00033, 1
030A  0101      	MOVLB 0x01
030C  5102      	MOVF usb_handle_00032_arg_sdp+D'2', W, 1
030E  0100      	MOVLB 0x00
0310  6FFA      	MOVWF usb_handle_00032_1_descrip_00034, 1
0312  51F9      	MOVF usb_handle_00032_1_descrip_00033, W, 1
0314  6FFB      	MOVWF usb_get_de_00016_arg_descr_00017, 1
0316  51FA      	MOVF usb_handle_00032_1_descrip_00034, W, 1
0318  6FFC      	MOVWF usb_get_de_00016_arg_descr_00018, 1
031A  0E00      	MOVLW HIGH(gbl_delivery_ptr+D'0')
031C  6FFE      	MOVWF usb_get_de_00016_arg_rtn_d_00019+D'1', 1
031E  0ECC      	MOVLW LOW(gbl_delivery_ptr+D'0')
0320  6FFD      	MOVWF usb_get_de_00016_arg_rtn_d_00019, 1
0322  0E00      	MOVLW HIGH(gbl_delivery_bytes_to_send+D'0')
0324  0101      	MOVLB 0x01
0326  6F09      	MOVWF usb_get_de_00016_arg_rtn_d_0001A+D'1', 1
0328  0EC6      	MOVLW LOW(gbl_delivery_bytes_to_send+D'0')
032A  6F08      	MOVWF usb_get_de_00016_arg_rtn_d_0001A, 1
032C  ECBEF000  	CALL usb_get_de_00016
0330  53CC      	MOVF gbl_delivery_ptr, F, 1
0332  E102      	BNZ	label26
0334  53CD      	MOVF gbl_delivery_ptr+D'1', F, 1
0336  E01B      	BZ	label27
0338            label26
0338  0E03      	MOVLW 0x03
033A  6FD7      	MOVWF gbl_control_mode, 1
033C  0101      	MOVLB 0x01
033E  5106      	MOVF usb_handle_00032_arg_sdp+D'6', W, 1
0340  0100      	MOVLB 0x00
0342  6FC8      	MOVWF gbl_delivery_bytes_max_send, 1
0344  0101      	MOVLB 0x01
0346  5107      	MOVF usb_handle_00032_arg_sdp+D'7', W, 1
0348  0100      	MOVLB 0x00
034A  6FC9      	MOVWF gbl_delivery_bytes_max_send+D'1', 1
034C  6BCA      	CLRF gbl_delivery_bytes_sent, 1
034E  6BCB      	CLRF gbl_delivery_bytes_sent+D'1', 1
0350  0E08      	MOVLW 0x08
0352  6FD8      	MOVWF gbl_delivery_buffer_size, 1
0354  0E04      	MOVLW HIGH(gbl_bd0in+D'0')
0356  6FD1      	MOVWF gbl_delivery_bd+D'1', 1
0358  0E04      	MOVLW LOW(gbl_bd0in+D'0')
035A  6FD0      	MOVWF gbl_delivery_bd, 1
035C  0E08      	MOVLW 0x08
035E  6FCE      	MOVWF gbl_delivery_buffer, 1
0360  0E05      	MOVLW 0x05
0362  6FCF      	MOVWF gbl_delivery_buffer+D'1', 1
0364  0104      	MOVLB 0x04
0366  9D04      	BCF gbl_bd0in,6, 1
0368  EC3AF000  	CALL usb_send_d_0002E
036C  0012      	RETURN
036E            label27
036E  EC84F000  	CALL usb_stall__00011
0372  0012      	RETURN
0374            label28
0374  5102      	MOVF usb_handle_00032_arg_sdp+D'2', W, 1
0376  0100      	MOVLB 0x00
0378  6FD6      	MOVWF gbl_usb_address, 1
037A  0E01      	MOVLW 0x01
037C  6FD9      	MOVWF gbl_usb_status, 1
037E  ECA6F000  	CALL usb_send_e_00010
0382  0E06      	MOVLW 0x06
0384  0100      	MOVLB 0x00
0386  6FD7      	MOVWF gbl_control_mode, 1
0388  0012      	RETURN
038A            label29
038A  0E06      	MOVLW 0x06
038C  0100      	MOVLB 0x00
038E  6FD7      	MOVWF gbl_control_mode, 1
0390  ECA6F000  	CALL usb_send_e_00010
0394  0E03      	MOVLW 0x03
0396  0100      	MOVLB 0x00
0398  6FD5      	MOVWF gbl_usb_state, 1
039A  EC52F001  	CALL usb_config_0002F
039E  0012      	RETURN
03A0            label30
03A0  0E03      	MOVLW 0x03
03A2  0100      	MOVLB 0x00
03A4  6FD7      	MOVWF gbl_control_mode, 1
03A6  0E01      	MOVLW 0x01
03A8  6FFB      	MOVWF usb_send_o_00030_arg_data, 1
03AA  EC8AF000  	CALL usb_send_o_00030
03AE            label31
03AE  0100      	MOVLB 0x00
03B0  6BFB      	CLRF usb_send_o_00030_arg_data, 1
03B2  EC8AF000  	CALL usb_send_o_00030
03B6  0012      	RETURN
03B8            ; } usb_handle_standard_request function end

	ORG 0x000003B8
03B8            usb_handle_00015
03B8            ; { usb_handle_class_ctrl_write_callback ; function begin
03B8  0012      	RETURN
03BA            ; } usb_handle_class_ctrl_write_callback function end

	ORG 0x000003BA
03BA            usb_handle_00014
03BA            ; { usb_handle_class_ctrl_read_callback ; function begin
03BA  0012      	RETURN
03BC            ; } usb_handle_class_ctrl_read_callback function end

	ORG 0x000003BC
03BC            usb_handle_00013
03BC            ; { usb_handle_class_request_callback ; function begin
03BC  0501      	DECF usb_handle_00013_arg_sdp+D'1', W, 1
03BE  B4D8      	BTFSC STATUS,Z
03C0  0012      	RETURN
03C2  0E02      	MOVLW 0x02
03C4  6301      	CPFSEQ usb_handle_00013_arg_sdp+D'1', 1
03C6  D001      	BRA	label32
03C8  0012      	RETURN
03CA            label32
03CA  0E03      	MOVLW 0x03
03CC  6301      	CPFSEQ usb_handle_00013_arg_sdp+D'1', 1
03CE  D001      	BRA	label33
03D0  0012      	RETURN
03D2            label33
03D2  0E09      	MOVLW 0x09
03D4  6301      	CPFSEQ usb_handle_00013_arg_sdp+D'1', 1
03D6  D001      	BRA	label34
03D8  0012      	RETURN
03DA            label34
03DA  0E0A      	MOVLW 0x0A
03DC  6301      	CPFSEQ usb_handle_00013_arg_sdp+D'1', 1
03DE  D001      	BRA	label35
03E0  D004      	BRA	label36
03E2            label35
03E2  0E0B      	MOVLW 0x0B
03E4  6301      	CPFSEQ usb_handle_00013_arg_sdp+D'1', 1
03E6  0012      	RETURN
03E8  0012      	RETURN
03EA            label36
03EA  EC84F000  	CALL usb_stall__00011
03EE  0012      	RETURN
03F0            ; } usb_handle_class_request_callback function end

	ORG 0x000003F0
03F0            memcpy8_00000
03F0            ; { memcpy8 ; function begin
03F0  51F9      	MOVF memcpy8_00000_arg_dst, W, 1
03F2  6FFE      	MOVWF memcpy8_00000_1_dst2, 1
03F4  51FA      	MOVF memcpy8_00000_arg_dst+D'1', W, 1
03F6  6FFF      	MOVWF memcpy8_00000_1_dst2+D'1', 1
03F8  51FB      	MOVF memcpy8_00000_arg_src, W, 1
03FA  0101      	MOVLB 0x01
03FC  6F00      	MOVWF memcpy8_00000_1_src2, 1
03FE  0100      	MOVLB 0x00
0400  51FC      	MOVF memcpy8_00000_arg_src+D'1', W, 1
0402  0101      	MOVLB 0x01
0404  6F01      	MOVWF memcpy8_00000_1_src2+D'1', 1
0406            label37
0406  0E00      	MOVLW 0x00
0408  0100      	MOVLB 0x00
040A  65FD      	CPFSGT memcpy8_00000_arg_len, 1
040C  D016      	BRA	label38
040E  0101      	MOVLB 0x01
0410  5101      	MOVF memcpy8_00000_1_src2+D'1', W, 1
0412  6EEA      	MOVWF FSR0H
0414  5100      	MOVF memcpy8_00000_1_src2, W, 1
0416  6EE9      	MOVWF FSR0L
0418  4B00      	INFSNZ memcpy8_00000_1_src2, F, 1
041A  2B01      	INCF memcpy8_00000_1_src2+D'1', F, 1
041C  50EF      	MOVF INDF0, W
041E  6F02      	MOVWF CompTempVar493, 1
0420  0100      	MOVLB 0x00
0422  51FF      	MOVF memcpy8_00000_1_dst2+D'1', W, 1
0424  6EEA      	MOVWF FSR0H
0426  51FE      	MOVF memcpy8_00000_1_dst2, W, 1
0428  6EE9      	MOVWF FSR0L
042A  4BFE      	INFSNZ memcpy8_00000_1_dst2, F, 1
042C  2BFF      	INCF memcpy8_00000_1_dst2+D'1', F, 1
042E  0101      	MOVLB 0x01
0430  5102      	MOVF CompTempVar493, W, 1
0432  6EEF      	MOVWF INDF0
0434  0100      	MOVLB 0x00
0436  07FD      	DECF memcpy8_00000_arg_len, F, 1
0438  D7E6      	BRA	label37
043A            label38
043A  51F9      	MOVF memcpy8_00000_arg_dst, W, 1
043C  0101      	MOVLB 0x01
043E  6F02      	MOVWF CompTempVarRet492, 1
0440  0100      	MOVLB 0x00
0442  51FA      	MOVF memcpy8_00000_arg_dst+D'1', W, 1
0444  0101      	MOVLB 0x01
0446  6F03      	MOVWF CompTempVarRet492+D'1', 1
0448  0012      	RETURN
044A            ; } memcpy8 function end

	ORG 0x0000044A
044A            usb_handle_0002D
044A            ; { usb_handle_stall ; function begin
044A  0012      	RETURN
044C            ; } usb_handle_stall function end

	ORG 0x0000044C
044C            usb_handle_0002C
044C            ; { usb_handle_reset ; function begin
044C  0100      	MOVLB 0x00
044E  6BD6      	CLRF gbl_usb_address, 1
0450  6BD7      	CLRF gbl_control_mode, 1
0452  6BD9      	CLRF gbl_usb_status, 1
0454  9668      	BCF gbl_uir,3
0456  9668      	BCF gbl_uir,3
0458  9668      	BCF gbl_uir,3
045A  9668      	BCF gbl_uir,3
045C  0E08      	MOVLW 0x08
045E  0104      	MOVLB 0x04
0460  6F01      	MOVWF gbl_bd0out+D'1', 1
0462  6B02      	CLRF gbl_bd0out+D'2', 1
0464  0E05      	MOVLW 0x05
0466  6F03      	MOVWF gbl_bd0out+D'3', 1
0468  9D00      	BCF gbl_bd0out,6, 1
046A  9B00      	BCF gbl_bd0out,5, 1
046C  9900      	BCF gbl_bd0out,4, 1
046E  9700      	BCF gbl_bd0out,3, 1
0470  9500      	BCF gbl_bd0out,2, 1
0472  9300      	BCF gbl_bd0out,1, 1
0474  9100      	BCF gbl_bd0out,0, 1
0476  8F00      	BSF gbl_bd0out,7, 1
0478  0E08      	MOVLW 0x08
047A  6F05      	MOVWF gbl_bd0in+D'1', 1
047C  6F06      	MOVWF gbl_bd0in+D'2', 1
047E  0E05      	MOVLW 0x05
0480  6F07      	MOVWF gbl_bd0in+D'3', 1
0482  9D04      	BCF gbl_bd0in,6, 1
0484  9B04      	BCF gbl_bd0in,5, 1
0486  9904      	BCF gbl_bd0in,4, 1
0488  9504      	BCF gbl_bd0in,2, 1
048A  9304      	BCF gbl_bd0in,1, 1
048C  9104      	BCF gbl_bd0in,0, 1
048E  9F04      	BCF gbl_bd0in,7, 1
0490  0012      	RETURN
0492            ; } usb_handle_reset function end

	ORG 0x00000492
0492            usb_handle_0002B
0492            ; { usb_handle_transaction ; function begin
0492  306C      	RRCF gbl_ustat, W
0494  0100      	MOVLB 0x00
0496  6FF4      	MOVWF usb_handle_0002B_1_end_point, 1
0498  33F4      	RRCF usb_handle_0002B_1_end_point, F, 1
049A  33F4      	RRCF usb_handle_0002B_1_end_point, F, 1
049C  0E1F      	MOVLW 0x1F
049E  17F4      	ANDWF usb_handle_0002B_1_end_point, F, 1
04A0  A46C      	BTFSS gbl_ustat,2
04A2  D00A      	BRA	label39
04A4  0104      	MOVLB 0x04
04A6  3104      	RRCF gbl_bd0in, W, 1
04A8  0100      	MOVLB 0x00
04AA  6FF5      	MOVWF usb_handle_0002B_1_pid, 1
04AC  33F5      	RRCF usb_handle_0002B_1_pid, F, 1
04AE  0E3F      	MOVLW 0x3F
04B0  17F5      	ANDWF usb_handle_0002B_1_pid, F, 1
04B2  0E0F      	MOVLW 0x0F
04B4  17F5      	ANDWF usb_handle_0002B_1_pid, F, 1
04B6  D00A      	BRA	label40
04B8            label39
04B8  0104      	MOVLB 0x04
04BA  3100      	RRCF gbl_bd0out, W, 1
04BC  0100      	MOVLB 0x00
04BE  6FF6      	MOVWF CompTempVar755, 1
04C0  33F6      	RRCF CompTempVar755, F, 1
04C2  0E3F      	MOVLW 0x3F
04C4  17F6      	ANDWF CompTempVar755, F, 1
04C6  0E0F      	MOVLW 0x0F
04C8  15F6      	ANDWF CompTempVar755, W, 1
04CA  6FF5      	MOVWF usb_handle_0002B_1_pid, 1
04CC            label40
04CC  53F4      	MOVF usb_handle_0002B_1_end_point, F, 1
04CE  A4D8      	BTFSS STATUS,Z
04D0  D0BD      	BRA	label55
04D2  0E0D      	MOVLW 0x0D
04D4  63F5      	CPFSEQ usb_handle_0002B_1_pid, 1
04D6  D065      	BRA	label43
04D8  0E00      	MOVLW HIGH(gbl_usb_sdp+D'0')
04DA  6FFA      	MOVWF memcpy8_00000_arg_dst+D'1', 1
04DC  0E9E      	MOVLW LOW(gbl_usb_sdp+D'0')
04DE  6FF9      	MOVWF memcpy8_00000_arg_dst, 1
04E0  0E05      	MOVLW HIGH(gbl_buffer_0_out+D'0')
04E2  6FFC      	MOVWF memcpy8_00000_arg_src+D'1', 1
04E4  0E00      	MOVLW LOW(gbl_buffer_0_out+D'0')
04E6  6FFB      	MOVWF memcpy8_00000_arg_src, 1
04E8  0E08      	MOVLW 0x08
04EA  6FFD      	MOVWF memcpy8_00000_arg_len, 1
04EC  ECF8F001  	CALL memcpy8_00000
04F0  EC60F001  	CALL usb_prime__00031
04F4  0E40      	MOVLW 0x40
04F6  0100      	MOVLB 0x00
04F8  159E      	ANDWF gbl_usb_sdp, W, 1
04FA  6FF6      	MOVWF CompTempVar758, 1
04FC  67F6      	TSTFSZ CompTempVar758, 1
04FE  D027      	BRA	label41
0500  0E20      	MOVLW 0x20
0502  159E      	ANDWF gbl_usb_sdp, W, 1
0504  6FF7      	MOVWF CompTempVar759, 1
0506  67F7      	TSTFSZ CompTempVar759, 1
0508  D022      	BRA	label41
050A  51A5      	MOVF gbl_usb_sdp+D'7', W, 1
050C  0101      	MOVLB 0x01
050E  6F07      	MOVWF usb_handle_00032_arg_sdp+D'7', 1
0510  0100      	MOVLB 0x00
0512  51A4      	MOVF gbl_usb_sdp+D'6', W, 1
0514  0101      	MOVLB 0x01
0516  6F06      	MOVWF usb_handle_00032_arg_sdp+D'6', 1
0518  0100      	MOVLB 0x00
051A  51A3      	MOVF gbl_usb_sdp+D'5', W, 1
051C  0101      	MOVLB 0x01
051E  6F05      	MOVWF usb_handle_00032_arg_sdp+D'5', 1
0520  0100      	MOVLB 0x00
0522  51A2      	MOVF gbl_usb_sdp+D'4', W, 1
0524  0101      	MOVLB 0x01
0526  6F04      	MOVWF usb_handle_00032_arg_sdp+D'4', 1
0528  0100      	MOVLB 0x00
052A  51A1      	MOVF gbl_usb_sdp+D'3', W, 1
052C  0101      	MOVLB 0x01
052E  6F03      	MOVWF usb_handle_00032_arg_sdp+D'3', 1
0530  0100      	MOVLB 0x00
0532  51A0      	MOVF gbl_usb_sdp+D'2', W, 1
0534  0101      	MOVLB 0x01
0536  6F02      	MOVWF usb_handle_00032_arg_sdp+D'2', 1
0538  0100      	MOVLB 0x00
053A  519F      	MOVF gbl_usb_sdp+D'1', W, 1
053C  0101      	MOVLB 0x01
053E  6F01      	MOVWF usb_handle_00032_arg_sdp+D'1', 1
0540  0100      	MOVLB 0x00
0542  519E      	MOVF gbl_usb_sdp, W, 1
0544  0101      	MOVLB 0x01
0546  6F00      	MOVWF usb_handle_00032_arg_sdp, 1
0548  EC6FF001  	CALL usb_handle_00032
054C  D028      	BRA	label42
054E            label41
054E  0E40      	MOVLW 0x40
0550  159E      	ANDWF gbl_usb_sdp, W, 1
0552  6FF8      	MOVWF CompTempVar761, 1
0554  67F8      	TSTFSZ CompTempVar761, 1
0556  D023      	BRA	label42
0558  AB9E      	BTFSS gbl_usb_sdp,5, 1
055A  D021      	BRA	label42
055C  51A5      	MOVF gbl_usb_sdp+D'7', W, 1
055E  0101      	MOVLB 0x01
0560  6F07      	MOVWF usb_handle_00013_arg_sdp+D'7', 1
0562  0100      	MOVLB 0x00
0564  51A4      	MOVF gbl_usb_sdp+D'6', W, 1
0566  0101      	MOVLB 0x01
0568  6F06      	MOVWF usb_handle_00013_arg_sdp+D'6', 1
056A  0100      	MOVLB 0x00
056C  51A3      	MOVF gbl_usb_sdp+D'5', W, 1
056E  0101      	MOVLB 0x01
0570  6F05      	MOVWF usb_handle_00013_arg_sdp+D'5', 1
0572  0100      	MOVLB 0x00
0574  51A2      	MOVF gbl_usb_sdp+D'4', W, 1
0576  0101      	MOVLB 0x01
0578  6F04      	MOVWF usb_handle_00013_arg_sdp+D'4', 1
057A  0100      	MOVLB 0x00
057C  51A1      	MOVF gbl_usb_sdp+D'3', W, 1
057E  0101      	MOVLB 0x01
0580  6F03      	MOVWF usb_handle_00013_arg_sdp+D'3', 1
0582  0100      	MOVLB 0x00
0584  51A0      	MOVF gbl_usb_sdp+D'2', W, 1
0586  0101      	MOVLB 0x01
0588  6F02      	MOVWF usb_handle_00013_arg_sdp+D'2', 1
058A  0100      	MOVLB 0x00
058C  519F      	MOVF gbl_usb_sdp+D'1', W, 1
058E  0101      	MOVLB 0x01
0590  6F01      	MOVWF usb_handle_00013_arg_sdp+D'1', 1
0592  0100      	MOVLB 0x00
0594  519E      	MOVF gbl_usb_sdp, W, 1
0596  0101      	MOVLB 0x01
0598  6F00      	MOVWF usb_handle_00013_arg_sdp, 1
059A  ECDEF001  	CALL usb_handle_00013
059E            label42
059E  986D      	BCF gbl_ucon,4
05A0  0012      	RETURN
05A2            label43
05A2  0E09      	MOVLW 0x09
05A4  63F5      	CPFSEQ usb_handle_0002B_1_pid, 1
05A6  D020      	BRA	label48
05A8  0E03      	MOVLW 0x03
05AA  63D7      	CPFSEQ gbl_control_mode, 1
05AC  D003      	BRA	label44
05AE  EC3AF000  	CALL usb_send_d_0002E
05B2  0012      	RETURN
05B4            label44
05B4  0E06      	MOVLW 0x06
05B6  63D7      	CPFSEQ gbl_control_mode, 1
05B8  D00A      	BRA	label45
05BA  6BD7      	CLRF gbl_control_mode, 1
05BC  05D9      	DECF gbl_usb_status, W, 1
05BE  A4D8      	BTFSS STATUS,Z
05C0  0012      	RETURN
05C2  0E02      	MOVLW 0x02
05C4  6FD5      	MOVWF gbl_usb_state, 1
05C6  51D6      	MOVF gbl_usb_address, W, 1
05C8  6E6E      	MOVWF gbl_uaddr
05CA  6BD9      	CLRF gbl_usb_status, 1
05CC  0012      	RETURN
05CE            label45
05CE  0E05      	MOVLW 0x05
05D0  63D7      	CPFSEQ gbl_control_mode, 1
05D2  D002      	BRA	label46
05D4  0000      	NOP
05D6  0012      	RETURN
05D8            label46
05D8  0E04      	MOVLW 0x04
05DA  63D7      	CPFSEQ gbl_control_mode, 1
05DC  D003      	BRA	label47
05DE  ECDDF001  	CALL usb_handle_00014
05E2  0012      	RETURN
05E4            label47
05E4  0000      	NOP
05E6  0012      	RETURN
05E8            label48
05E8  0E02      	MOVLW 0x02
05EA  63F5      	CPFSEQ usb_handle_0002B_1_pid, 1
05EC  D011      	BRA	label51
05EE  0E03      	MOVLW 0x03
05F0  63D7      	CPFSEQ gbl_control_mode, 1
05F2  D003      	BRA	label49
05F4  EC3AF000  	CALL usb_send_d_0002E
05F8  0012      	RETURN
05FA            label49
05FA  0E04      	MOVLW 0x04
05FC  63D7      	CPFSEQ gbl_control_mode, 1
05FE  D003      	BRA	label50
0600  ECDDF001  	CALL usb_handle_00014
0604  0012      	RETURN
0606            label50
0606  0E06      	MOVLW 0x06
0608  63D7      	CPFSEQ gbl_control_mode, 1
060A  0012      	RETURN
060C  6BD7      	CLRF gbl_control_mode, 1
060E  0012      	RETURN
0610            label51
0610  05F5      	DECF usb_handle_0002B_1_pid, W, 1
0612  A4D8      	BTFSS STATUS,Z
0614  0012      	RETURN
0616  0E05      	MOVLW 0x05
0618  63D7      	CPFSEQ gbl_control_mode, 1
061A  D002      	BRA	label52
061C  6BD7      	CLRF gbl_control_mode, 1
061E  D013      	BRA	label54
0620            label52
0620  0E02      	MOVLW 0x02
0622  63D7      	CPFSEQ gbl_control_mode, 1
0624  D00C      	BRA	label53
0626  0E05      	MOVLW HIGH(gbl_buffer_0_out+D'0')
0628  6FF7      	MOVWF usb_handle_00015_arg_data+D'1', 1
062A  0E00      	MOVLW LOW(gbl_buffer_0_out+D'0')
062C  6FF6      	MOVWF usb_handle_00015_arg_data, 1
062E  0104      	MOVLB 0x04
0630  5101      	MOVF gbl_bd0out+D'1', W, 1
0632  0100      	MOVLB 0x00
0634  6FF8      	MOVWF usb_handle_00015_arg_count, 1
0636  6BF9      	CLRF usb_handle_00015_arg_count+D'1', 1
0638  ECDCF001  	CALL usb_handle_00015
063C  D004      	BRA	label54
063E            label53
063E  0E03      	MOVLW 0x03
0640  63D7      	CPFSEQ gbl_control_mode, 1
0642  D001      	BRA	label54
0644  6BD7      	CLRF gbl_control_mode, 1
0646            label54
0646  EC60F001  	CALL usb_prime__00031
064A  0012      	RETURN
064C            label55
064C  A46C      	BTFSS gbl_ustat,2
064E  D002      	BRA	label56
0650  0000      	NOP
0652  0012      	RETURN
0654            label56
0654  EE00F0AA  	LFSR 0x00,  gbl_ep_out_bd_location
0658  50E9      	MOVF FSR0L, W
065A  51F4      	MOVF usb_handle_0002B_1_end_point, W, 1
065C  6FF8      	MOVWF CompTempVar767, 1
065E  90D8      	BCF STATUS,C
0660  35F8      	RLCF CompTempVar767, W, 1
0662  26E9      	ADDWF FSR0L, F
0664  50EE      	MOVF POSTINC0, W
0666  6FF6      	MOVWF usb_handle_0002B_88_bd, 1
0668  50EF      	MOVF INDF0, W
066A  6FF7      	MOVWF usb_handle_0002B_88_bd+D'1', 1
066C  EE00F0BA  	LFSR 0x00,  gbl_ep_out_buffer_size
0670  50E9      	MOVF FSR0L, W
0672  51F4      	MOVF usb_handle_0002B_1_end_point, W, 1
0674  6FF8      	MOVWF CompTempVar770, 1
0676  90D8      	BCF STATUS,C
0678  37F8      	RLCF CompTempVar770, F, 1
067A  51F8      	MOVF CompTempVar770, W, 1
067C  26E9      	ADDWF FSR0L, F
067E  50EE      	MOVF POSTINC0, W
0680  6FF9      	MOVWF CompTempVar772, 1
0682  50EF      	MOVF INDF0, W
0684  6FFA      	MOVWF CompTempVar772+D'1', 1
0686  51F7      	MOVF usb_handle_0002B_88_bd+D'1', W, 1
0688  6EEA      	MOVWF FSR0H
068A  29F6      	INCF usb_handle_0002B_88_bd, W, 1
068C  6EE9      	MOVWF FSR0L
068E  51F9      	MOVF CompTempVar772, W, 1
0690  6EEF      	MOVWF INDF0
0692  06E9      	DECF FSR0L, F
0694  9CEF      	BCF INDF0,6
0696  9AEF      	BCF INDF0,5
0698  98EF      	BCF INDF0,4
069A  96EF      	BCF INDF0,3
069C  94EF      	BCF INDF0,2
069E  92EF      	BCF INDF0,1
06A0  90EF      	BCF INDF0,0
06A2  8EEF      	BSF INDF0,7
06A4  0012      	RETURN
06A6            ; } usb_handle_transaction function end

	ORG 0x000006A6
06A6            handle_tic_00023
06A6            ; { handle_tick ; function begin
06A6  0100      	MOVLB 0x00
06A8  4BC2      	INFSNZ gbl_20_tick, F, 1
06AA  2BC3      	INCF gbl_20_tick+D'1', F, 1
06AC  0012      	RETURN
06AE            ; } handle_tick function end

	ORG 0x000006AE
06AE            usb_handle_0000E
06AE            ; { usb_handle_isr ; function begin
06AE  AAA1      	BTFSS gbl_pir2,5
06B0  0012      	RETURN
06B2  9AA1      	BCF gbl_pir2,5
06B4  A668      	BTFSS gbl_uir,3
06B6  D003      	BRA	label57
06B8  EC49F002  	CALL usb_handle_0002B
06BC  9668      	BCF gbl_uir,3
06BE            label57
06BE  A068      	BTFSS gbl_uir,0
06C0  D003      	BRA	label58
06C2  EC26F002  	CALL usb_handle_0002C
06C6  9068      	BCF gbl_uir,0
06C8            label58
06C8  AA68      	BTFSS gbl_uir,5
06CA  0012      	RETURN
06CC  EC25F002  	CALL usb_handle_0002D
06D0  9A68      	BCF gbl_uir,5
06D2  0012      	RETURN
06D4            ; } usb_handle_isr function end

	ORG 0x000006D4
06D4            timer_0_ca_00029
06D4            ; { timer_0_callback ; function begin
06D4  EC53F003  	CALL handle_tic_00023
06D8  0012      	RETURN
06DA            ; } timer_0_callback function end

	ORG 0x000006DA
06DA            turn_usb_i_00020
06DA            ; { turn_usb_ints_on ; function begin
06DA  8A69      	BSF gbl_uie,5
06DC  8669      	BSF gbl_uie,3
06DE  8069      	BSF gbl_uie,0
06E0  8AA0      	BSF gbl_pie2,5
06E2  0012      	RETURN
06E4            ; } turn_usb_ints_on function end

	ORG 0x000006E4
06E4            timer_star_00027
06E4            ; { timer_start_0 ; function begin
06E4  0100      	MOVLB 0x00
06E6  51C5      	MOVF gbl_timer_0_start_value+D'1', W, 1
06E8  6ED7      	MOVWF gbl_tmr0h
06EA  51C4      	MOVF gbl_timer_0_start_value, W, 1
06EC  6ED6      	MOVWF gbl_tmr0l
06EE  8ED5      	BSF gbl_t0con,7
06F0  0012      	RETURN
06F2            ; } timer_start_0 function end

	ORG 0x000006F2
06F2            timer_setu_00024
06F2            ; { timer_setup_0 ; function begin
06F2  9ED5      	BCF gbl_t0con,7
06F4  A1E7      	BTFSS timer_setu_00024_arg_mode_8_bit,0, 1
06F6  D002      	BRA	label59
06F8  8CD5      	BSF gbl_t0con,6
06FA  D001      	BRA	label60
06FC            label59
06FC  9CD5      	BCF gbl_t0con,6
06FE            label60
06FE  9AD5      	BCF gbl_t0con,5
0700  29E8      	INCF timer_setu_00024_arg_presc_00025, W, 1
0702  E102      	BNZ	label61
0704  86D5      	BSF gbl_t0con,3
0706  D005      	BRA	label62
0708            label61
0708  96D5      	BCF gbl_t0con,3
070A  0EF8      	MOVLW 0xF8
070C  16D5      	ANDWF gbl_t0con, F
070E  51E8      	MOVF timer_setu_00024_arg_presc_00025, W, 1
0710  12D5      	IORWF gbl_t0con, F
0712            label62
0712  51E9      	MOVF timer_setu_00024_arg_timer_00026, W, 1
0714  6FC4      	MOVWF gbl_timer_0_start_value, 1
0716  51EA      	MOVF timer_setu_00024_arg_timer_00026+D'1', W, 1
0718  6FC5      	MOVWF gbl_timer_0_start_value+D'1', 1
071A  8AF2      	BSF gbl_intcon,5
071C  0012      	RETURN
071E            ; } timer_setup_0 function end

	ORG 0x0000071E
071E            usb_send_d_0000F
071E            ; { usb_send_data ; function begin
071E  EE00F0AE  	LFSR 0x00,  gbl_ep_in_buffer_location
0722  50E9      	MOVF FSR0L, W
0724  51E8      	MOVF usb_send_d_0000F_arg_ep, W, 1
0726  6FF2      	MOVWF CompTempVar775, 1
0728  90D8      	BCF STATUS,C
072A  35F2      	RLCF CompTempVar775, W, 1
072C  26E9      	ADDWF FSR0L, F
072E  50EE      	MOVF POSTINC0, W
0730  6FF0      	MOVWF usb_send_d_0000F_1_buffer, 1
0732  50EF      	MOVF INDF0, W
0734  6FF1      	MOVWF usb_send_d_0000F_1_buffer+D'1', 1
0736  EE00F0A6  	LFSR 0x00,  gbl_ep_in_bd_location
073A  50E9      	MOVF FSR0L, W
073C  51E8      	MOVF usb_send_d_0000F_arg_ep, W, 1
073E  6FF2      	MOVWF CompTempVar778, 1
0740  90D8      	BCF STATUS,C
0742  35F2      	RLCF CompTempVar778, W, 1
0744  26E9      	ADDWF FSR0L, F
0746  50EE      	MOVF POSTINC0, W
0748  6FEE      	MOVWF usb_send_d_0000F_1_bd, 1
074A  50EF      	MOVF INDF0, W
074C  6FEF      	MOVWF usb_send_d_0000F_1_bd+D'1', 1
074E  51EF      	MOVF usb_send_d_0000F_1_bd+D'1', W, 1
0750  6EEA      	MOVWF FSR0H
0752  51EE      	MOVF usb_send_d_0000F_1_bd, W, 1
0754  6EE9      	MOVWF FSR0L
0756  BEEF      	BTFSC INDF0,7
0758  0012      	RETURN
075A  6BED      	CLRF usb_send_d_0000F_1_count, 1
075C            label63
075C  51EB      	MOVF usb_send_d_0000F_arg_send_count, W, 1
075E  61ED      	CPFSLT usb_send_d_0000F_1_count, 1
0760  D013      	BRA	label64
0762  51EA      	MOVF usb_send_d_0000F_arg_data+D'1', W, 1
0764  6EEA      	MOVWF FSR0H
0766  51E9      	MOVF usb_send_d_0000F_arg_data, W, 1
0768  6EE9      	MOVWF FSR0L
076A  51ED      	MOVF usb_send_d_0000F_1_count, W, 1
076C  6FF2      	MOVWF CompTempVar781, 1
076E  51F2      	MOVF CompTempVar781, W, 1
0770  26E9      	ADDWF FSR0L, F
0772  50EF      	MOVF INDF0, W
0774  6FF3      	MOVWF CompTempVar782, 1
0776  51F1      	MOVF usb_send_d_0000F_1_buffer+D'1', W, 1
0778  6EEA      	MOVWF FSR0H
077A  51F0      	MOVF usb_send_d_0000F_1_buffer, W, 1
077C  25ED      	ADDWF usb_send_d_0000F_1_count, W, 1
077E  6EE9      	MOVWF FSR0L
0780  51F3      	MOVF CompTempVar782, W, 1
0782  6EEF      	MOVWF INDF0
0784  2BED      	INCF usb_send_d_0000F_1_count, F, 1
0786  D7EA      	BRA	label63
0788            label64
0788  51EF      	MOVF usb_send_d_0000F_1_bd+D'1', W, 1
078A  6EEA      	MOVWF FSR0H
078C  29EE      	INCF usb_send_d_0000F_1_bd, W, 1
078E  6EE9      	MOVWF FSR0L
0790  51ED      	MOVF usb_send_d_0000F_1_count, W, 1
0792  6EEF      	MOVWF INDF0
0794  06E9      	DECF FSR0L, F
0796  0E02      	MOVLW 0x02
0798  26E9      	ADDWF FSR0L, F
079A  2AE9      	INCF FSR0L, F
079C  51F0      	MOVF usb_send_d_0000F_1_buffer, W, 1
079E  6FF2      	MOVWF CompTempVar783, 1
07A0  51F1      	MOVF usb_send_d_0000F_1_buffer+D'1', W, 1
07A2  6EEF      	MOVWF INDF0
07A4  06E9      	DECF FSR0L, F
07A6  51F2      	MOVF CompTempVar783, W, 1
07A8  6EEF      	MOVWF INDF0
07AA  A1EC      	BTFSS usb_send_d_0000F_arg_first,0, 1
07AC  D005      	BRA	label65
07AE  51EF      	MOVF usb_send_d_0000F_1_bd+D'1', W, 1
07B0  6EEA      	MOVWF FSR0H
07B2  51EE      	MOVF usb_send_d_0000F_1_bd, W, 1
07B4  6EE9      	MOVWF FSR0L
07B6  9CEF      	BCF INDF0,6
07B8            label65
07B8  51EF      	MOVF usb_send_d_0000F_1_bd+D'1', W, 1
07BA  6EEA      	MOVWF FSR0H
07BC  51EE      	MOVF usb_send_d_0000F_1_bd, W, 1
07BE  6EE9      	MOVWF FSR0L
07C0  0E40      	MOVLW 0x40
07C2  1AEF      	XORWF INDF0, F
07C4  9AEF      	BCF INDF0,5
07C6  98EF      	BCF INDF0,4
07C8  86EF      	BSF INDF0,3
07CA  94EF      	BCF INDF0,2
07CC  92EF      	BCF INDF0,1
07CE  90EF      	BCF INDF0,0
07D0  8EEF      	BSF INDF0,7
07D2  0012      	RETURN
07D4            ; } usb_send_data function end

	ORG 0x000007D4
07D4            usb_get_st_00012
07D4            ; { usb_get_state ; function begin
07D4  0100      	MOVLB 0x00
07D6  51D5      	MOVF gbl_usb_state, W, 1
07D8  6FE7      	MOVWF CompTempVarRet791, 1
07DA  0012      	RETURN
07DC            ; } usb_get_state function end

	ORG 0x000007DC
07DC            tick_get_c_00021
07DC            ; { tick_get_count ; function begin
07DC  0100      	MOVLB 0x00
07DE  91E7      	BCF tick_get_c_00021_1_my_store_gie,0, 1
07E0  BEF2      	BTFSC gbl_intcon,7
07E2  81E7      	BSF tick_get_c_00021_1_my_store_gie,0, 1
07E4            label66
07E4  9EF2      	BCF gbl_intcon,7
07E6  BEF2      	BTFSC gbl_intcon,7
07E8  D7FD      	BRA	label66
07EA  51C2      	MOVF gbl_20_tick, W, 1
07EC  6FE8      	MOVWF tick_get_c_00021_1_result, 1
07EE  51C3      	MOVF gbl_20_tick+D'1', W, 1
07F0  6FE9      	MOVWF tick_get_c_00021_1_result+D'1', 1
07F2  B1E7      	BTFSC tick_get_c_00021_1_my_store_gie,0, 1
07F4  8EF2      	BSF gbl_intcon,7
07F6  A1E7      	BTFSS tick_get_c_00021_1_my_store_gie,0, 1
07F8  9EF2      	BCF gbl_intcon,7
07FA  51E8      	MOVF tick_get_c_00021_1_result, W, 1
07FC  6FEA      	MOVWF CompTempVarRet735, 1
07FE  51E9      	MOVF tick_get_c_00021_1_result+D'1', W, 1
0800  6FEB      	MOVWF CompTempVarRet735+D'1', 1
0802  0012      	RETURN
0804            ; } tick_get_count function end

	ORG 0x00000804
0804            tick_calc__00022
0804            ; { tick_calc_diff ; function begin
0804  51E7      	MOVF tick_calc__00022_arg_a, W, 1
0806  5DE9      	SUBWF tick_calc__00022_arg_b, W, 1
0808  51E8      	MOVF tick_calc__00022_arg_a+D'1', W, 1
080A  63EA      	CPFSEQ tick_calc__00022_arg_b+D'1', 1
080C  5DEA      	SUBWF tick_calc__00022_arg_b+D'1', W, 1
080E  E307      	BNC	label67
0810  51E7      	MOVF tick_calc__00022_arg_a, W, 1
0812  5DE9      	SUBWF tick_calc__00022_arg_b, W, 1
0814  6FEB      	MOVWF CompTempVarRet736, 1
0816  51E8      	MOVF tick_calc__00022_arg_a+D'1', W, 1
0818  59EA      	SUBWFB tick_calc__00022_arg_b+D'1', W, 1
081A  6FEC      	MOVWF CompTempVarRet736+D'1', 1
081C  0012      	RETURN
081E            label67
081E  51E7      	MOVF tick_calc__00022_arg_a, W, 1
0820  08FF      	SUBLW 0xFF
0822  6FEE      	MOVWF CompTempVar743, 1
0824  0EFF      	MOVLW 0xFF
0826  55E8      	SUBFWB tick_calc__00022_arg_a+D'1', W, 1
0828  6FED      	MOVWF CompTempVar740, 1
082A  51E9      	MOVF tick_calc__00022_arg_b, W, 1
082C  27EE      	ADDWF CompTempVar743, F, 1
082E  51EA      	MOVF tick_calc__00022_arg_b+D'1', W, 1
0830  6FEF      	MOVWF CompTempVar744, 1
0832  51ED      	MOVF CompTempVar740, W, 1
0834  23EF      	ADDWFC CompTempVar744, F, 1
0836  2BEE      	INCF CompTempVar743, F, 1
0838  B4D8      	BTFSC STATUS,Z
083A  2BEF      	INCF CompTempVar744, F, 1
083C  51EE      	MOVF CompTempVar743, W, 1
083E  6FEB      	MOVWF CompTempVarRet736, 1
0840  51EF      	MOVF CompTempVar744, W, 1
0842  6FEC      	MOVWF CompTempVarRet736+D'1', 1
0844  0012      	RETURN
0846            ; } tick_calc_diff function end

	ORG 0x00000846
0846            initialise_00000
0846            ; { initialise ; function begin
0846  6A92      	CLRF gbl_trisa
0848  6A80      	CLRF gbl_porta
084A  0E04      	MOVLW 0x04
084C  6E93      	MOVWF gbl_trisb
084E  6A81      	CLRF gbl_portb
0850  6A94      	CLRF gbl_trisc
0852  6A82      	CLRF gbl_portc
0854  6AC2      	CLRF gbl_adcon0
0856  0E0F      	MOVLW 0x0F
0858  6EC1      	MOVWF gbl_adcon1
085A  866D      	BSF gbl_ucon,3
085C  9EF1      	BCF gbl_intcon2,7
085E  0100      	MOVLB 0x00
0860  91E7      	BCF timer_setu_00024_arg_mode_8_bit,0, 1
0862  69E8      	SETF timer_setu_00024_arg_presc_00025, 1
0864  0E8A      	MOVLW 0x8A
0866  6FE9      	MOVWF timer_setu_00024_arg_timer_00026, 1
0868  0EE8      	MOVLW 0xE8
086A  6FEA      	MOVWF timer_setu_00024_arg_timer_00026+D'1', 1
086C  EC79F003  	CALL timer_setu_00024
0870  EC6DF003  	CALL turn_usb_i_00020
0874  8CF2      	BSF gbl_intcon,6
0876  8EF2      	BSF gbl_intcon,7
0878  EC72F003  	CALL timer_star_00027
087C  0012      	RETURN
087E            ; } initialise function end

	ORG 0x0000087E
087E            main
087E            ; { main ; function begin
087E  EC23F004  	CALL initialise_00000
0882  6BDE      	CLRF main_1_tick_marker, 1
0884  6BDF      	CLRF main_1_tick_marker+D'1', 1
0886  6BE2      	CLRF main_1_left_count, 1
0888  6BE3      	CLRF main_1_check_count, 1
088A            label68
088A  ECEEF003  	CALL tick_get_c_00021
088E  51EA      	MOVF CompTempVarRet735, W, 1
0890  6FE0      	MOVWF main_1_test_tick, 1
0892  51EB      	MOVF CompTempVarRet735+D'1', W, 1
0894  6FE1      	MOVWF main_1_test_tick+D'1', 1
0896  51DE      	MOVF main_1_tick_marker, W, 1
0898  6FE7      	MOVWF tick_calc__00022_arg_a, 1
089A  51DF      	MOVF main_1_tick_marker+D'1', W, 1
089C  6FE8      	MOVWF tick_calc__00022_arg_a+D'1', 1
089E  51E0      	MOVF main_1_test_tick, W, 1
08A0  6FE9      	MOVWF tick_calc__00022_arg_b, 1
08A2  51E1      	MOVF main_1_test_tick+D'1', W, 1
08A4  6FEA      	MOVWF tick_calc__00022_arg_b+D'1', 1
08A6  EC02F004  	CALL tick_calc__00022
08AA  0E03      	MOVLW 0x03
08AC  65EB      	CPFSGT CompTempVarRet736, 1
08AE  67EC      	TSTFSZ CompTempVarRet736+D'1', 1
08B0  D001      	BRA	label69
08B2  D029      	BRA	label71
08B4            label69
08B4  51E0      	MOVF main_1_test_tick, W, 1
08B6  6FDE      	MOVWF main_1_tick_marker, 1
08B8  51E1      	MOVF main_1_test_tick+D'1', W, 1
08BA  6FDF      	MOVWF main_1_tick_marker+D'1', 1
08BC  2BE2      	INCF main_1_left_count, F, 1
08BE  2BE3      	INCF main_1_check_count, F, 1
08C0  0E05      	MOVLW 0x05
08C2  63E3      	CPFSEQ main_1_check_count, 1
08C4  D020      	BRA	label71
08C6  6BE3      	CLRF main_1_check_count, 1
08C8  ECEAF003  	CALL usb_get_st_00012
08CC  0E03      	MOVLW 0x03
08CE  63E7      	CPFSEQ CompTempVarRet791, 1
08D0  D018      	BRA	label70
08D2  A1D2      	BTFSS gbl_isJiggling,0, 1
08D4  D016      	BRA	label70
08D6  6BE4      	CLRF main_1_buffer, 1
08D8  51E2      	MOVF main_1_left_count, W, 1
08DA  0800      	SUBLW 0x00
08DC  6FE5      	MOVWF main_1_buffer+D'1', 1
08DE  6BE6      	CLRF main_1_buffer+D'2', 1
08E0  51E5      	MOVF main_1_buffer+D'1', W, 1
08E2  11E4      	IORWF main_1_buffer, W, 1
08E4  6FE7      	MOVWF CompTempVar730, 1
08E6  51E6      	MOVF main_1_buffer+D'2', W, 1
08E8  11E7      	IORWF CompTempVar730, W, 1
08EA  E00B      	BZ	label70
08EC  0E01      	MOVLW 0x01
08EE  6FE8      	MOVWF usb_send_d_0000F_arg_ep, 1
08F0  0E00      	MOVLW HIGH(main_1_buffer+D'0')
08F2  6FEA      	MOVWF usb_send_d_0000F_arg_data+D'1', 1
08F4  0EE4      	MOVLW LOW(main_1_buffer+D'0')
08F6  6FE9      	MOVWF usb_send_d_0000F_arg_data, 1
08F8  0E03      	MOVLW 0x03
08FA  6FEB      	MOVWF usb_send_d_0000F_arg_send_count, 1
08FC  91EC      	BCF usb_send_d_0000F_arg_first,0, 1
08FE  EC8FF003  	CALL usb_send_d_0000F
0902            label70
0902  6BE2      	CLRF main_1_left_count, 1
0904  6BE3      	CLRF main_1_check_count, 1
0906            label71
0906  A481      	BTFSS gbl_portb,2
0908  D7C0      	BRA	label68
090A  0E64      	MOVLW 0x64
090C  6FE7      	MOVWF delay_ms_00000_arg_del, 1
090E  EC06F000  	CALL delay_ms_00000
0912  A481      	BTFSS gbl_portb,2
0914  D7BA      	BRA	label68
0916  A1D2      	BTFSS gbl_isJiggling,0, 1
0918  D003      	BRA	label72
091A  81D2      	BSF gbl_isJiggling,0, 1
091C  8281      	BSF gbl_portb,1
091E  D7B5      	BRA	label68
0920            label72
0920  91D2      	BCF gbl_isJiggling,0, 1
0922  9281      	BCF gbl_portb,1
0924  D7B2      	BRA	label68
0926            ; } main function end

	ORG 0x00000926
0926            _startup
0926  0100      	MOVLB 0x00
0928  91D2      	BCF gbl_isJiggling,0, 1
092A  6A5E      	CLRF gbl_19_tick
092C  6A5F      	CLRF gbl_19_tick+D'1'
092E  6BD3      	CLRF gbl_do_task, 1
0930  93D2      	BCF gbl_receive,1, 1
0932  6BD4      	CLRF gbl_send_to, 1
0934  6BC2      	CLRF gbl_20_tick, 1
0936  6BC3      	CLRF gbl_20_tick+D'1', 1
0938  6BC4      	CLRF gbl_timer_0_start_value, 1
093A  6BC5      	CLRF gbl_timer_0_start_value+D'1', 1
093C  6BD5      	CLRF gbl_usb_state, 1
093E  0E05      	MOVLW HIGH(gbl_buffer_0_in+D'0')
0940  6FDB      	MOVWF CompGblVar99, 1
0942  0E08      	MOVLW LOW(gbl_buffer_0_in+D'0')
0944  6FAE      	MOVWF gbl_ep_in_buffer_location, 1
0946  51DB      	MOVF CompGblVar99, W, 1
0948  6FAF      	MOVWF gbl_ep_in_buffer_location+D'1', 1
094A  0E05      	MOVLW HIGH(gbl_buffer_1_in+D'0')
094C  6FDC      	MOVWF CompGblVar100, 1
094E  0E10      	MOVLW LOW(gbl_buffer_1_in+D'0')
0950  6FB0      	MOVWF gbl_ep_in_buffer_location+D'2', 1
0952  51DC      	MOVF CompGblVar100, W, 1
0954  6FB1      	MOVWF gbl_ep_in_buffer_location+D'3', 1
0956  0E05      	MOVLW HIGH(gbl_buffer_0_out+D'0')
0958  6FDD      	MOVWF CompGblVar101, 1
095A  0E00      	MOVLW LOW(gbl_buffer_0_out+D'0')
095C  6FB2      	MOVWF gbl_ep_out_buffer_location, 1
095E  51DD      	MOVF CompGblVar101, W, 1
0960  6FB3      	MOVWF gbl_ep_out_buffer_location+D'1', 1
0962  6BB4      	CLRF gbl_ep_out_buffer_location+D'2', 1
0964  6BB5      	CLRF gbl_ep_out_buffer_location+D'3', 1
0966  0E08      	MOVLW 0x08
0968  6FB6      	MOVWF gbl_ep_in_buffer_size, 1
096A  6BB7      	CLRF gbl_ep_in_buffer_size+D'1', 1
096C  0E08      	MOVLW 0x08
096E  6FB8      	MOVWF gbl_ep_in_buffer_size+D'2', 1
0970  6BB9      	CLRF gbl_ep_in_buffer_size+D'3', 1
0972  0E08      	MOVLW 0x08
0974  6FBA      	MOVWF gbl_ep_out_buffer_size, 1
0976  6BBB      	CLRF gbl_ep_out_buffer_size+D'1', 1
0978  6BBC      	CLRF gbl_ep_out_buffer_size+D'2', 1
097A  6BBD      	CLRF gbl_ep_out_buffer_size+D'3', 1
097C  6A59      	CLRF gbl_port_shadow
097E  6A5A      	CLRF gbl_port_shadow+D'1'
0980  6A5B      	CLRF gbl_port_shadow+D'2'
0982  6A5C      	CLRF gbl_port_shadow+D'3'
0984  6A5D      	CLRF gbl_port_shadow+D'4'
0986  0E12      	MOVLW 0x12
0988  6F8C      	MOVWF gbl_my_device_descriptor, 1
098A  0E01      	MOVLW 0x01
098C  6F8D      	MOVWF gbl_my_device_descriptor+D'1', 1
098E  0E10      	MOVLW 0x10
0990  6F8E      	MOVWF gbl_my_device_descriptor+D'2', 1
0992  0E01      	MOVLW 0x01
0994  6F8F      	MOVWF gbl_my_device_descriptor+D'3', 1
0996  6B90      	CLRF gbl_my_device_descriptor+D'4', 1
0998  6B91      	CLRF gbl_my_device_descriptor+D'5', 1
099A  6B92      	CLRF gbl_my_device_descriptor+D'6', 1
099C  0E08      	MOVLW 0x08
099E  6F93      	MOVWF gbl_my_device_descriptor+D'7', 1
09A0  0ED8      	MOVLW 0xD8
09A2  6F94      	MOVWF gbl_my_device_descriptor+D'8', 1
09A4  0E04      	MOVLW 0x04
09A6  6F95      	MOVWF gbl_my_device_descriptor+D'9', 1
09A8  0E0C      	MOVLW 0x0C
09AA  6F96      	MOVWF gbl_my_device_descriptor+D'10', 1
09AC  6B97      	CLRF gbl_my_device_descriptor+D'11', 1
09AE  6B98      	CLRF gbl_my_device_descriptor+D'12', 1
09B0  0E02      	MOVLW 0x02
09B2  6F99      	MOVWF gbl_my_device_descriptor+D'13', 1
09B4  0E01      	MOVLW 0x01
09B6  6F9A      	MOVWF gbl_my_device_descriptor+D'14', 1
09B8  0E02      	MOVLW 0x02
09BA  6F9B      	MOVWF gbl_my_device_descriptor+D'15', 1
09BC  6B9C      	CLRF gbl_my_device_descriptor+D'16', 1
09BE  0E01      	MOVLW 0x01
09C0  6F9D      	MOVWF gbl_my_device_descriptor+D'17', 1
09C2  0E05      	MOVLW 0x05
09C4  6E05      	MOVWF gbl_mouse_report_descriptor
09C6  0E01      	MOVLW 0x01
09C8  6E06      	MOVWF gbl_mouse_report_descriptor+D'1'
09CA  0E09      	MOVLW 0x09
09CC  6E07      	MOVWF gbl_mouse_report_descriptor+D'2'
09CE  0E02      	MOVLW 0x02
09D0  6E08      	MOVWF gbl_mouse_report_descriptor+D'3'
09D2  0EA1      	MOVLW 0xA1
09D4  6E09      	MOVWF gbl_mouse_report_descriptor+D'4'
09D6  0E01      	MOVLW 0x01
09D8  6E0A      	MOVWF gbl_mouse_report_descriptor+D'5'
09DA  0E09      	MOVLW 0x09
09DC  6E0B      	MOVWF gbl_mouse_report_descriptor+D'6'
09DE  0E01      	MOVLW 0x01
09E0  6E0C      	MOVWF gbl_mouse_report_descriptor+D'7'
09E2  0EA1      	MOVLW 0xA1
09E4  6E0D      	MOVWF gbl_mouse_report_descriptor+D'8'
09E6  6A0E      	CLRF gbl_mouse_report_descriptor+D'9'
09E8  0E05      	MOVLW 0x05
09EA  6E0F      	MOVWF gbl_mouse_report_descriptor+D'10'
09EC  0E09      	MOVLW 0x09
09EE  6E10      	MOVWF gbl_mouse_report_descriptor+D'11'
09F0  0E19      	MOVLW 0x19
09F2  6E11      	MOVWF gbl_mouse_report_descriptor+D'12'
09F4  0E01      	MOVLW 0x01
09F6  6E12      	MOVWF gbl_mouse_report_descriptor+D'13'
09F8  0E29      	MOVLW 0x29
09FA  6E13      	MOVWF gbl_mouse_report_descriptor+D'14'
09FC  0E03      	MOVLW 0x03
09FE  6E14      	MOVWF gbl_mouse_report_descriptor+D'15'
0A00  0E15      	MOVLW 0x15
0A02  6E15      	MOVWF gbl_mouse_report_descriptor+D'16'
0A04  6A16      	CLRF gbl_mouse_report_descriptor+D'17'
0A06  0E25      	MOVLW 0x25
0A08  6E17      	MOVWF gbl_mouse_report_descriptor+D'18'
0A0A  0E01      	MOVLW 0x01
0A0C  6E18      	MOVWF gbl_mouse_report_descriptor+D'19'
0A0E  0E95      	MOVLW 0x95
0A10  6E19      	MOVWF gbl_mouse_report_descriptor+D'20'
0A12  0E03      	MOVLW 0x03
0A14  6E1A      	MOVWF gbl_mouse_report_descriptor+D'21'
0A16  0E75      	MOVLW 0x75
0A18  6E1B      	MOVWF gbl_mouse_report_descriptor+D'22'
0A1A  0E01      	MOVLW 0x01
0A1C  6E1C      	MOVWF gbl_mouse_report_descriptor+D'23'
0A1E  0E81      	MOVLW 0x81
0A20  6E1D      	MOVWF gbl_mouse_report_descriptor+D'24'
0A22  0E02      	MOVLW 0x02
0A24  6E1E      	MOVWF gbl_mouse_report_descriptor+D'25'
0A26  0E95      	MOVLW 0x95
0A28  6E1F      	MOVWF gbl_mouse_report_descriptor+D'26'
0A2A  0E01      	MOVLW 0x01
0A2C  6E20      	MOVWF gbl_mouse_report_descriptor+D'27'
0A2E  0E75      	MOVLW 0x75
0A30  6E21      	MOVWF gbl_mouse_report_descriptor+D'28'
0A32  0E05      	MOVLW 0x05
0A34  6E22      	MOVWF gbl_mouse_report_descriptor+D'29'
0A36  0E81      	MOVLW 0x81
0A38  6E23      	MOVWF gbl_mouse_report_descriptor+D'30'
0A3A  0E01      	MOVLW 0x01
0A3C  6E24      	MOVWF gbl_mouse_report_descriptor+D'31'
0A3E  0E05      	MOVLW 0x05
0A40  6E25      	MOVWF gbl_mouse_report_descriptor+D'32'
0A42  0E01      	MOVLW 0x01
0A44  6E26      	MOVWF gbl_mouse_report_descriptor+D'33'
0A46  0E09      	MOVLW 0x09
0A48  6E27      	MOVWF gbl_mouse_report_descriptor+D'34'
0A4A  0E30      	MOVLW 0x30
0A4C  6E28      	MOVWF gbl_mouse_report_descriptor+D'35'
0A4E  0E09      	MOVLW 0x09
0A50  6E29      	MOVWF gbl_mouse_report_descriptor+D'36'
0A52  0E31      	MOVLW 0x31
0A54  6E2A      	MOVWF gbl_mouse_report_descriptor+D'37'
0A56  0E15      	MOVLW 0x15
0A58  6E2B      	MOVWF gbl_mouse_report_descriptor+D'38'
0A5A  0E81      	MOVLW 0x81
0A5C  6E2C      	MOVWF gbl_mouse_report_descriptor+D'39'
0A5E  0E25      	MOVLW 0x25
0A60  6E2D      	MOVWF gbl_mouse_report_descriptor+D'40'
0A62  0E7F      	MOVLW 0x7F
0A64  6E2E      	MOVWF gbl_mouse_report_descriptor+D'41'
0A66  0E75      	MOVLW 0x75
0A68  6E2F      	MOVWF gbl_mouse_report_descriptor+D'42'
0A6A  0E08      	MOVLW 0x08
0A6C  6E30      	MOVWF gbl_mouse_report_descriptor+D'43'
0A6E  0E95      	MOVLW 0x95
0A70  6E31      	MOVWF gbl_mouse_report_descriptor+D'44'
0A72  0E02      	MOVLW 0x02
0A74  6E32      	MOVWF gbl_mouse_report_descriptor+D'45'
0A76  0E81      	MOVLW 0x81
0A78  6E33      	MOVWF gbl_mouse_report_descriptor+D'46'
0A7A  0E06      	MOVLW 0x06
0A7C  6E34      	MOVWF gbl_mouse_report_descriptor+D'47'
0A7E  0EC0      	MOVLW 0xC0
0A80  6E35      	MOVWF gbl_mouse_report_descriptor+D'48'
0A82  0EC0      	MOVLW 0xC0
0A84  6E36      	MOVWF gbl_mouse_report_descriptor+D'49'
0A86  0E09      	MOVLW 0x09
0A88  6E37      	MOVWF gbl_complete_mouse_configuration
0A8A  0E02      	MOVLW 0x02
0A8C  6E38      	MOVWF gbl_complete_mouse_configuration+D'1'
0A8E  0E22      	MOVLW 0x22
0A90  6E39      	MOVWF gbl_complete_mouse_configuration+D'2'
0A92  6A3A      	CLRF gbl_complete_mouse_configuration+D'3'
0A94  0E01      	MOVLW 0x01
0A96  6E3B      	MOVWF gbl_complete_mouse_configuration+D'4'
0A98  0E01      	MOVLW 0x01
0A9A  6E3C      	MOVWF gbl_complete_mouse_configuration+D'5'
0A9C  6A3D      	CLRF gbl_complete_mouse_configuration+D'6'
0A9E  0E80      	MOVLW 0x80
0AA0  6E3E      	MOVWF gbl_complete_mouse_configuration+D'7'
0AA2  0E64      	MOVLW 0x64
0AA4  6E3F      	MOVWF gbl_complete_mouse_configuration+D'8'
0AA6  0E09      	MOVLW 0x09
0AA8  6E40      	MOVWF gbl_complete_mouse_configuration+D'9'
0AAA  0E04      	MOVLW 0x04
0AAC  6E41      	MOVWF gbl_complete_mouse_configuration+D'10'
0AAE  6A42      	CLRF gbl_complete_mouse_configuration+D'11'
0AB0  6A43      	CLRF gbl_complete_mouse_configuration+D'12'
0AB2  0E01      	MOVLW 0x01
0AB4  6E44      	MOVWF gbl_complete_mouse_configuration+D'13'
0AB6  0E03      	MOVLW 0x03
0AB8  6E45      	MOVWF gbl_complete_mouse_configuration+D'14'
0ABA  0E01      	MOVLW 0x01
0ABC  6E46      	MOVWF gbl_complete_mouse_configuration+D'15'
0ABE  0E02      	MOVLW 0x02
0AC0  6E47      	MOVWF gbl_complete_mouse_configuration+D'16'
0AC2  6A48      	CLRF gbl_complete_mouse_configuration+D'17'
0AC4  0E09      	MOVLW 0x09
0AC6  6E49      	MOVWF gbl_complete_mouse_configuration+D'18'
0AC8  0E21      	MOVLW 0x21
0ACA  6E4A      	MOVWF gbl_complete_mouse_configuration+D'19'
0ACC  0E10      	MOVLW 0x10
0ACE  6E4B      	MOVWF gbl_complete_mouse_configuration+D'20'
0AD0  0E01      	MOVLW 0x01
0AD2  6E4C      	MOVWF gbl_complete_mouse_configuration+D'21'
0AD4  6A4D      	CLRF gbl_complete_mouse_configuration+D'22'
0AD6  0E01      	MOVLW 0x01
0AD8  6E4E      	MOVWF gbl_complete_mouse_configuration+D'23'
0ADA  0E22      	MOVLW 0x22
0ADC  6E4F      	MOVWF gbl_complete_mouse_configuration+D'24'
0ADE  0E32      	MOVLW 0x32
0AE0  6E50      	MOVWF gbl_complete_mouse_configuration+D'25'
0AE2  6A51      	CLRF gbl_complete_mouse_configuration+D'26'
0AE4  0E07      	MOVLW 0x07
0AE6  6E52      	MOVWF gbl_complete_mouse_configuration+D'27'
0AE8  0E05      	MOVLW 0x05
0AEA  6E53      	MOVWF gbl_complete_mouse_configuration+D'28'
0AEC  0E81      	MOVLW 0x81
0AEE  6E54      	MOVWF gbl_complete_mouse_configuration+D'29'
0AF0  0E03      	MOVLW 0x03
0AF2  6E55      	MOVWF gbl_complete_mouse_configuration+D'30'
0AF4  0E03      	MOVLW 0x03
0AF6  6E56      	MOVWF gbl_complete_mouse_configuration+D'31'
0AF8  6A57      	CLRF gbl_complete_mouse_configuration+D'32'
0AFA  0E0A      	MOVLW 0x0A
0AFC  6E58      	MOVWF gbl_complete_mouse_configuration+D'33'
0AFE  0E04      	MOVLW 0x04
0B00  6FBE      	MOVWF gbl_string_00, 1
0B02  0E03      	MOVLW 0x03
0B04  6FBF      	MOVWF gbl_string_00+D'1', 1
0B06  0E09      	MOVLW 0x09
0B08  6FC0      	MOVWF gbl_string_00+D'2', 1
0B0A  0E04      	MOVLW 0x04
0B0C  6FC1      	MOVWF gbl_string_00+D'3', 1
0B0E  0E18      	MOVLW 0x18
0B10  6F60      	MOVWF gbl_string_01, 1
0B12  0E03      	MOVLW 0x03
0B14  6F61      	MOVWF gbl_string_01+D'1', 1
0B16  0E50      	MOVLW 0x50
0B18  6F62      	MOVWF gbl_string_01+D'2', 1
0B1A  6B63      	CLRF gbl_string_01+D'3', 1
0B1C  0E69      	MOVLW 0x69
0B1E  6F64      	MOVWF gbl_string_01+D'4', 1
0B20  6B65      	CLRF gbl_string_01+D'5', 1
0B22  0E63      	MOVLW 0x63
0B24  6F66      	MOVWF gbl_string_01+D'6', 1
0B26  6B67      	CLRF gbl_string_01+D'7', 1
0B28  0E50      	MOVLW 0x50
0B2A  6F68      	MOVWF gbl_string_01+D'8', 1
0B2C  6B69      	CLRF gbl_string_01+D'9', 1
0B2E  0E61      	MOVLW 0x61
0B30  6F6A      	MOVWF gbl_string_01+D'10', 1
0B32  6B6B      	CLRF gbl_string_01+D'11', 1
0B34  0E63      	MOVLW 0x63
0B36  6F6C      	MOVWF gbl_string_01+D'12', 1
0B38  6B6D      	CLRF gbl_string_01+D'13', 1
0B3A  0E6B      	MOVLW 0x6B
0B3C  6F6E      	MOVWF gbl_string_01+D'14', 1
0B3E  6B6F      	CLRF gbl_string_01+D'15', 1
0B40  0E20      	MOVLW 0x20
0B42  6F70      	MOVWF gbl_string_01+D'16', 1
0B44  6B71      	CLRF gbl_string_01+D'17', 1
0B46  0E49      	MOVLW 0x49
0B48  6F72      	MOVWF gbl_string_01+D'18', 1
0B4A  6B73      	CLRF gbl_string_01+D'19', 1
0B4C  0E6E      	MOVLW 0x6E
0B4E  6F74      	MOVWF gbl_string_01+D'20', 1
0B50  6B75      	CLRF gbl_string_01+D'21', 1
0B52  0E63      	MOVLW 0x63
0B54  6F76      	MOVWF gbl_string_01+D'22', 1
0B56  6B77      	CLRF gbl_string_01+D'23', 1
0B58  0E14      	MOVLW 0x14
0B5A  6F78      	MOVWF gbl_string_02, 1
0B5C  0E03      	MOVLW 0x03
0B5E  6F79      	MOVWF gbl_string_02+D'1', 1
0B60  0E4A      	MOVLW 0x4A
0B62  6F7A      	MOVWF gbl_string_02+D'2', 1
0B64  6B7B      	CLRF gbl_string_02+D'3', 1
0B66  0E6F      	MOVLW 0x6F
0B68  6F7C      	MOVWF gbl_string_02+D'4', 1
0B6A  6B7D      	CLRF gbl_string_02+D'5', 1
0B6C  0E79      	MOVLW 0x79
0B6E  6F7E      	MOVWF gbl_string_02+D'6', 1
0B70  6B7F      	CLRF gbl_string_02+D'7', 1
0B72  0E2D      	MOVLW 0x2D
0B74  6F80      	MOVWF gbl_string_02+D'8', 1
0B76  6B81      	CLRF gbl_string_02+D'9', 1
0B78  0E4D      	MOVLW 0x4D
0B7A  6F82      	MOVWF gbl_string_02+D'10', 1
0B7C  6B83      	CLRF gbl_string_02+D'11', 1
0B7E  0E6F      	MOVLW 0x6F
0B80  6F84      	MOVWF gbl_string_02+D'12', 1
0B82  6B85      	CLRF gbl_string_02+D'13', 1
0B84  0E75      	MOVLW 0x75
0B86  6F86      	MOVWF gbl_string_02+D'14', 1
0B88  6B87      	CLRF gbl_string_02+D'15', 1
0B8A  0E73      	MOVLW 0x73
0B8C  6F88      	MOVWF gbl_string_02+D'16', 1
0B8E  6B89      	CLRF gbl_string_02+D'17', 1
0B90  0E65      	MOVLW 0x65
0B92  6F8A      	MOVWF gbl_string_02+D'18', 1
0B94  6B8B      	CLRF gbl_string_02+D'19', 1
0B96  EF3FF004  	GOTO	main
	ORG 0x00000B9A
0B9A            interrupt
0B9A            ; { interrupt ; function begin
0B9A  CFEAF001  	MOVFF FSR0H,  Int1Context
0B9E  CFE9F002  	MOVFF FSR0L,  Int1Context+D'1'
0BA2  CFF4F003  	MOVFF PRODH,  Int1Context+D'2'
0BA6  CFF3F004  	MOVFF PRODL,  Int1Context+D'3'
0BAA  EC57F003  	CALL usb_handle_0000E
0BAE  A4F2      	BTFSS gbl_intcon,2
0BB0  D011      	BRA	label74
0BB2  0100      	MOVLB 0x00
0BB4  6BF5      	CLRF interrupt_6_start_value+D'1', 1
0BB6  51C4      	MOVF gbl_timer_0_start_value, W, 1
0BB8  24D6      	ADDWF gbl_tmr0l, W
0BBA  6FF4      	MOVWF interrupt_6_start_value, 1
0BBC  51C5      	MOVF gbl_timer_0_start_value+D'1', W, 1
0BBE  23F5      	ADDWFC interrupt_6_start_value+D'1', F, 1
0BC0  2BF4      	INCF interrupt_6_start_value, F, 1
0BC2  B4D8      	BTFSC STATUS,Z
0BC4  2BF5      	INCF interrupt_6_start_value+D'1', F, 1
0BC6  51F5      	MOVF interrupt_6_start_value+D'1', W, 1
0BC8  6ED7      	MOVWF gbl_tmr0h
0BCA  51F4      	MOVF interrupt_6_start_value, W, 1
0BCC  6ED6      	MOVWF gbl_tmr0l
0BCE  94F2      	BCF gbl_intcon,2
0BD0  EC6AF003  	CALL timer_0_ca_00029
0BD4            label74
0BD4  C004FFF3  	MOVFF Int1Context+D'3',  PRODL
0BD8  C003FFF4  	MOVFF Int1Context+D'2',  PRODH
0BDC  C002FFE9  	MOVFF Int1Context+D'1',  FSR0L
0BE0  C001FFEA  	MOVFF Int1Context,  FSR0H
0BE4  0011      	RETFIE 1
0BE6            ; } interrupt function end

	ORG 0x00300000
300000  0E30      	DW 0x0E30
300002  1E3E      	DW 0x1E3E
	ORG 0x00300004
300004  00FF      	DW 0x00FF
300006  FF80      	DW 0xFF80
	ORG 0x00300008
300008  C00F      	DW 0xC00F
30000A  E00F      	DW 0xE00F
30000C  400F      	DW 0x400F
